#A	B	simgic
FHS 1	FHS 2	0.142661
FHS 1	Dubowitz 1	0.194089
FHS 1	Dubowitz 2	0.169846
FHS 2	Dubowitz 1	0.122301
FHS 2	Dubowitz 2	0.163740
Dubowitz 1	Dubowitz 2	0.294508
